// Jest Snapshot v1, https://goo.gl/fbAQLP

exports[`kennitala generateKennitalaIterator should iterate through all valid kennitalas 1`] = `
[
  "3108962099",
  "3108962179",
  "3108962259",
  "3108962339",
  "3108962419",
  "3108962689",
  "3108962769",
  "3108962849",
  "3108962929",
  "3108963069",
  "3108963149",
  "3108963229",
  "3108963309",
  "3108963499",
  "3108963579",
  "3108963659",
  "3108963739",
  "3108963819",
  "3108964039",
  "3108964119",
  "3108964389",
  "3108964469",
  "3108964549",
  "3108964629",
  "3108964709",
  "3108964899",
  "3108964979",
  "3108965009",
  "3108965199",
  "3108965279",
  "3108965359",
  "3108965439",
  "3108965519",
  "3108965789",
  "3108965869",
  "3108965949",
  "3108966089",
  "3108966169",
  "3108966249",
  "3108966329",
  "3108966409",
  "3108966599",
  "3108966679",
  "3108966759",
  "3108966839",
  "3108966919",
  "3108967059",
  "3108967139",
  "3108967219",
  "3108967489",
  "3108967569",
  "3108967649",
  "3108967729",
  "3108967809",
  "3108967999",
  "3108968029",
  "3108968109",
  "3108968299",
  "3108968379",
  "3108968459",
  "3108968539",
  "3108968619",
  "3108968889",
  "3108968969",
  "3108969189",
  "3108969269",
  "3108969349",
  "3108969429",
  "3108969509",
  "3108969699",
  "3108969779",
  "3108969859",
  "3108969939",
]
`;
